[2026-01-11T07:35:51.179Z] REQUEST {"originalname":"_test_upload.png","size":67,"mimetype":"image/png"}
[2026-01-11T07:35:51.846Z] SUPABASE_RESULT {"ok":false,"error":"StorageApiError: new row violates row-level security policy"}
[2026-01-11T07:35:51.848Z] SUPABASE_ERROR StorageApiError: new row violates row-level security policy
[2026-01-11T07:48:31.645Z] REQUEST {"originalname":"_test_upload.png","size":67,"mimetype":"image/png"}
[2026-01-11T07:48:32.402Z] SUPABASE_RESULT {"ok":true,"error":null}
[2026-01-11T07:48:33.754Z] PUBLIC_URL https://ecgujuutpxebpjwdwhcy.supabase.co/storage/v1/object/public/images/1768117711646-_test_upload.png
[2026-01-11T07:51:59.316Z] REQUEST {"originalname":"pizza1.webp","size":23312,"mimetype":"image/webp"}
[2026-01-11T07:52:02.155Z] SUPABASE_RESULT {"ok":true,"error":null}
[2026-01-11T07:52:02.157Z] PUBLIC_URL https://ecgujuutpxebpjwdwhcy.supabase.co/storage/v1/object/public/images/1768117921022-pizza1.webp
[2026-01-11T07:55:59.454Z] REQUEST {"originalname":"Gemini_Generated_Image_ljqkdeljqkdeljqk.png","size":964344,"mimetype":"image/png"}
[2026-01-11T07:56:01.606Z] SUPABASE_RESULT {"ok":true,"error":null}
[2026-01-11T07:56:01.608Z] PUBLIC_URL https://ecgujuutpxebpjwdwhcy.supabase.co/storage/v1/object/public/images/1768118159457-Gemini_Generated_Image_ljqkdeljqkdeljqk.png
[2026-01-11T08:12:32.401Z] REQUEST {"originalname":"360_F_589130009_p1yBuSyHWbt8bXx6s54LbeJIfLs86955.jpg","size":48478,"mimetype":"image/jpeg"}
[2026-01-11T08:12:32.962Z] SUPABASE_RESULT {"ok":true,"error":null}
[2026-01-11T08:12:32.967Z] PUBLIC_URL https://ecgujuutpxebpjwdwhcy.supabase.co/storage/v1/object/public/images/1768119152402-360_F_589130009_p1yBuSyHWbt8bXx6s54LbeJIfLs86955.jpg
[2026-01-11T08:12:41.456Z] REQUEST {"originalname":"Gemini_Generated_Image_ljqkdeljqkdeljqk.png","size":964344,"mimetype":"image/png"}
[2026-01-11T08:12:43.206Z] SUPABASE_RESULT {"ok":true,"error":null}
[2026-01-11T08:12:43.208Z] PUBLIC_URL https://ecgujuutpxebpjwdwhcy.supabase.co/storage/v1/object/public/images/1768119161456-Gemini_Generated_Image_ljqkdeljqkdeljqk.png
[2026-01-11T08:20:57.505Z] REQUEST {"originalname":"pngtree-taking-slice-picture-of-prepared-delicious-pizza-with-sausage-rings-and-image_15902897.jpg","size":72166,"mimetype":"image/jpeg"}
[2026-01-11T08:20:58.257Z] SUPABASE_RESULT {"ok":true,"error":null}
[2026-01-11T08:20:58.260Z] PUBLIC_URL https://ecgujuutpxebpjwdwhcy.supabase.co/storage/v1/object/public/images/1768119657506-pngtree-taking-slice-picture-of-prepared-delicious-pizza-with-sausage-rings-and-image_15902897.jpg
[2026-01-11T08:21:03.812Z] REQUEST {"originalname":"content_lg.jpg","size":205968,"mimetype":"image/jpeg"}
[2026-01-11T08:21:04.909Z] SUPABASE_RESULT {"ok":true,"error":null}
[2026-01-11T08:21:04.911Z] PUBLIC_URL https://ecgujuutpxebpjwdwhcy.supabase.co/storage/v1/object/public/images/1768119663812-content_lg.jpg
[2026-01-11T08:21:30.830Z] REQUEST {"originalname":"NewLogo.png","size":942945,"mimetype":"image/png"}
[2026-01-11T08:21:32.840Z] SUPABASE_RESULT {"ok":true,"error":null}
[2026-01-11T08:21:32.843Z] PUBLIC_URL https://ecgujuutpxebpjwdwhcy.supabase.co/storage/v1/object/public/images/1768119690830-NewLogo.png
[2026-01-11T08:39:31.290Z] REQUEST {"originalname":"1767501582147-content_lg.jpg","size":205968,"mimetype":"image/jpeg"}
[2026-01-11T08:39:32.349Z] SUPABASE_RESULT {"ok":true,"error":null}
[2026-01-11T08:39:32.350Z] PUBLIC_URL https://ecgujuutpxebpjwdwhcy.supabase.co/storage/v1/object/public/images/1768120771290-1767501582147-content_lg.jpg
[2026-01-11T08:40:27.876Z] REQUEST {"originalname":"1767763330637-Gemini_Generated_Image_e8iwm1e8iwm1e8iw.png","size":1468328,"mimetype":"image/png"}
[2026-01-11T08:40:30.848Z] SUPABASE_RESULT {"ok":true,"error":null}
[2026-01-11T08:40:30.851Z] PUBLIC_URL https://ecgujuutpxebpjwdwhcy.supabase.co/storage/v1/object/public/images/1768120827876-1767763330637-Gemini_Generated_Image_e8iwm1e8iwm1e8iw.png
[2026-01-12T08:46:43.201Z] REQUEST {"originalname":"1767576989909-pizza.png","size":69630,"mimetype":"image/png"}
[2026-01-12T08:46:44.630Z] SUPABASE_RESULT {"ok":true,"error":null}
[2026-01-12T08:46:44.634Z] PUBLIC_URL https://ecgujuutpxebpjwdwhcy.supabase.co/storage/v1/object/public/images/1768207603243-1767576989909-pizza.png
[2026-01-12T08:47:07.140Z] REQUEST {"originalname":"1767501582147-content_lg.jpg","size":205968,"mimetype":"image/jpeg"}
[2026-01-12T08:47:07.771Z] SUPABASE_RESULT {"ok":true,"error":null}
[2026-01-12T08:47:07.773Z] PUBLIC_URL https://ecgujuutpxebpjwdwhcy.supabase.co/storage/v1/object/public/images/1768207627141-1767501582147-content_lg.jpg
[2026-01-12T08:47:20.037Z] REQUEST {"originalname":"1767501582147-content_lg.jpg","size":205968,"mimetype":"image/jpeg"}
[2026-01-12T08:47:20.661Z] SUPABASE_RESULT {"ok":true,"error":null}
[2026-01-12T08:47:20.664Z] PUBLIC_URL https://ecgujuutpxebpjwdwhcy.supabase.co/storage/v1/object/public/images/1768207640038-1767501582147-content_lg.jpg
[2026-01-12T09:14:32.412Z] REMOVED_HERO 1768119657506-pngtree-taking-slice-picture-of-prepared-delicious-pizza-with-sausage-rings-and-image_15902897.jpg
[2026-01-12T12:00:19.504Z] REMOVED_HERO 1768119152402-360_F_589130009_p1yBuSyHWbt8bXx6s54LbeJIfLs86955.jpg
[2026-01-12T12:00:51.621Z] REMOVED_HERO 1768119152402-360_F_589130009_p1yBuSyHWbt8bXx6s54LbeJIfLs86955.jpg
[2026-01-12T12:00:51.985Z] REMOVED_HERO 1768119152402-360_F_589130009_p1yBuSyHWbt8bXx6s54LbeJIfLs86955.jpg
[2026-01-12T12:00:53.031Z] REMOVED_HERO 1768119152402-360_F_589130009_p1yBuSyHWbt8bXx6s54LbeJIfLs86955.jpg
[2026-01-12T12:00:54.751Z] REMOVED_HERO 1768119152402-360_F_589130009_p1yBuSyHWbt8bXx6s54LbeJIfLs86955.jpg
[2026-01-12T12:11:42.886Z] REQUEST {"originalname":"1767333512861-1767255577455-Gemini_Generated_Image_bs2bdkbs2bdkbs2b.png","size":1773911,"mimetype":"image/png"}
[2026-01-12T12:11:46.393Z] SUPABASE_RESULT {"ok":true,"error":null}
[2026-01-12T12:11:46.397Z] PUBLIC_URL https://ecgujuutpxebpjwdwhcy.supabase.co/storage/v1/object/public/images/1768219902888-1767333512861-1767255577455-Gemini_Generated_Image_bs2bdkbs2bdkbs2b.png
[2026-01-12T12:15:51.032Z] REQUEST {"originalname":"1767578744621-petit-dejeuner.png","size":36079,"mimetype":"image/png"}
[2026-01-12T12:15:56.716Z] REQUEST {"originalname":"1767578744621-petit-dejeuner.png","size":36079,"mimetype":"image/png"}
[2026-01-12T12:15:58.104Z] SUPABASE_RESULT {"ok":true,"error":null}
[2026-01-12T12:15:58.108Z] PUBLIC_URL https://ecgujuutpxebpjwdwhcy.supabase.co/storage/v1/object/public/images/1768220156717-1767578744621-petit-dejeuner.png
[2026-01-12T12:15:58.563Z] REMOVE_ATTEMPT 1768207603243-1767576989909-pizza.png attempt=1 OK
[2026-01-12T12:16:08.720Z] SUPABASE_RESULT {"ok":false,"error":"StorageApiError: The connection to the database timed out"}
[2026-01-12T12:16:08.737Z] SUPABASE_ERROR StorageApiError: The connection to the database timed out
[2026-01-12T12:16:58.949Z] REQUEST {"originalname":"1767577050948-pizza.png","size":69630,"mimetype":"image/png"}
[2026-01-12T12:16:59.920Z] SUPABASE_RESULT {"ok":true,"error":null}
[2026-01-12T12:16:59.924Z] PUBLIC_URL https://ecgujuutpxebpjwdwhcy.supabase.co/storage/v1/object/public/images/1768220218951-1767577050948-pizza.png
[2026-01-12T12:17:25.092Z] REQUEST {"originalname":"1767577690856-pizza.png","size":69630,"mimetype":"image/png"}
[2026-01-12T12:17:26.061Z] SUPABASE_RESULT {"ok":true,"error":null}
[2026-01-12T12:17:26.064Z] PUBLIC_URL https://ecgujuutpxebpjwdwhcy.supabase.co/storage/v1/object/public/images/1768220245094-1767577690856-pizza.png
[2026-01-12T12:17:26.426Z] REMOVE_ATTEMPT 1768220218951-1767577050948-pizza.png attempt=1 OK
[2026-01-12T12:17:38.968Z] REQUEST {"originalname":"1767869627818-1767578662584-kebab.png","size":48550,"mimetype":"image/png"}
[2026-01-12T12:17:39.754Z] SUPABASE_RESULT {"ok":true,"error":null}
[2026-01-12T12:17:39.756Z] PUBLIC_URL https://ecgujuutpxebpjwdwhcy.supabase.co/storage/v1/object/public/images/1768220258969-1767869627818-1767578662584-kebab.png
[2026-01-12T12:17:40.080Z] REMOVE_ATTEMPT 1768220245094-1767577690856-pizza.png attempt=1 OK
[2026-01-12T12:18:17.062Z] REQUEST {"originalname":"1767509712697-pizza1.webp","size":23312,"mimetype":"image/webp"}
[2026-01-12T12:18:17.740Z] SUPABASE_RESULT {"ok":true,"error":null}
[2026-01-12T12:18:19.258Z] PUBLIC_URL https://ecgujuutpxebpjwdwhcy.supabase.co/storage/v1/object/public/images/1768220297063-1767509712697-pizza1.webp
[2026-01-12T12:18:19.804Z] REMOVE_ATTEMPT 1768120827876-1767763330637-Gemini_Generated_Image_e8iwm1e8iwm1e8iw.png attempt=1 OK
[2026-01-12T13:31:49.703Z] REQUEST {"originalname":"1767333512861-1767255577455-Gemini_Generated_Image_bs2bdkbs2bdkbs2b.png","size":1773911,"mimetype":"image/png"}
[2026-01-12T13:32:04.240Z] SUPABASE_RESULT {"ok":true,"error":null}
[2026-01-12T13:32:04.243Z] PUBLIC_URL https://ecgujuutpxebpjwdwhcy.supabase.co/storage/v1/object/public/images/1768224709704-1767333512861-1767255577455-Gemini_Generated_Image_bs2bdkbs2bdkbs2b.png
[2026-01-12T13:32:09.806Z] REQUEST {"originalname":"1767333512861-1767255577455-Gemini_Generated_Image_bs2bdkbs2bdkbs2b.png","size":1773911,"mimetype":"image/png"}
[2026-01-12T13:32:36.729Z] SUPABASE_RESULT {"ok":true,"error":null}
[2026-01-12T13:32:36.732Z] PUBLIC_URL https://ecgujuutpxebpjwdwhcy.supabase.co/storage/v1/object/public/images/1768224729807-1767333512861-1767255577455-Gemini_Generated_Image_bs2bdkbs2bdkbs2b.png
[2026-01-12T13:36:03.570Z] REQUEST {"originalname":"1767333512861-1767255577455-Gemini_Generated_Image_bs2bdkbs2bdkbs2b.png","size":1773911,"mimetype":"image/png"}
[2026-01-12T13:36:19.252Z] SUPABASE_RESULT {"ok":false,"error":"StorageUnknownError: fetch failed"}
[2026-01-12T13:36:19.297Z] SUPABASE_ERROR StorageUnknownError: fetch failed
[2026-01-12T13:37:01.023Z] REQUEST {"originalname":"1767333512861-1767255577455-Gemini_Generated_Image_bs2bdkbs2bdkbs2b.png","size":1773911,"mimetype":"image/png"}
[2026-01-12T13:37:43.684Z] SUPABASE_RESULT {"ok":true,"error":null}
[2026-01-12T13:37:43.687Z] PUBLIC_URL https://ecgujuutpxebpjwdwhcy.supabase.co/storage/v1/object/public/images/1768225021023-1767333512861-1767255577455-Gemini_Generated_Image_bs2bdkbs2bdkbs2b.png
[2026-01-14T22:28:12.013Z] REQUEST {"originalname":"Margherita_Pizza_From_Wood_Fired_Oven.mp4","size":3574777,"mimetype":"video/mp4"}
[2026-01-14T22:28:18.269Z] SUPABASE_RESULT {"ok":true,"error":null}
[2026-01-14T22:28:18.272Z] PUBLIC_URL https://ecgujuutpxebpjwdwhcy.supabase.co/storage/v1/object/public/images/1768429692014-Margherita_Pizza_From_Wood_Fired_Oven.mp4
[2026-01-14T22:30:52.895Z] REQUEST {"originalname":"Margherita_Pizza_From_Wood_Fired_Oven.mp4","size":3574777,"mimetype":"video/mp4"}
[2026-01-14T22:31:27.142Z] SUPABASE_RESULT {"ok":true,"error":null}
[2026-01-14T22:31:27.144Z] PUBLIC_URL https://ecgujuutpxebpjwdwhcy.supabase.co/storage/v1/object/public/images/1768429852896-Margherita_Pizza_From_Wood_Fired_Oven.mp4
[2026-01-14T22:35:20.759Z] REMOVED_HERO 1768119663812-content_lg.jpg
[2026-01-14T22:36:30.099Z] REMOVED_HERO 1768119663812-content_lg.jpg
[2026-01-14T22:36:59.041Z] REMOVED_HERO 1768119663812-content_lg.jpg
[2026-01-14T22:37:00.027Z] REQUEST {"originalname":"Gemini_Generated_Image_e8iwm1e8iwm1e8iw.png","size":1468328,"mimetype":"image/png"}
[2026-01-14T22:37:03.228Z] SUPABASE_RESULT {"ok":true,"error":null}
[2026-01-14T22:37:03.230Z] PUBLIC_URL https://ecgujuutpxebpjwdwhcy.supabase.co/storage/v1/object/public/images/1768430220028-Gemini_Generated_Image_e8iwm1e8iwm1e8iw.png
[2026-01-15T01:47:46.075Z] REMOVED_HERO 1768119663812-content_lg.jpg
[2026-01-15T01:47:51.064Z] REMOVED_HERO 1768119663812-content_lg.jpg
[2026-01-15T01:48:09.506Z] REQUEST {"originalname":"hero.mp4","size":3574777,"mimetype":"video/mp4"}
[2026-01-15T01:48:46.906Z] SUPABASE_RESULT {"ok":true,"error":null}
[2026-01-15T01:48:46.907Z] PUBLIC_URL https://ecgujuutpxebpjwdwhcy.supabase.co/storage/v1/object/public/images/1768441689507-hero.mp4
[2026-01-15T12:24:01.173Z] REQUEST {"originalname":"1767504413558-NewLogo.png","size":2375819,"mimetype":"image/png"}
[2026-01-15T12:24:02.448Z] SUPABASE_RESULT {"ok":true,"error":null}
[2026-01-15T12:24:02.456Z] PUBLIC_URL https://ecgujuutpxebpjwdwhcy.supabase.co/storage/v1/object/public/images/1768479841175-1767504413558-NewLogo.png
[2026-01-15T12:24:13.750Z] REQUEST {"originalname":"hero.mp4","size":3574777,"mimetype":"video/mp4"}
[2026-01-15T12:24:15.596Z] SUPABASE_RESULT {"ok":true,"error":null}
[2026-01-15T12:24:15.599Z] PUBLIC_URL https://ecgujuutpxebpjwdwhcy.supabase.co/storage/v1/object/public/images/1768479853751-hero.mp4
[2026-01-15T12:31:07.132Z] REQUEST {"originalname":"chevre_miel.png","size":1674304,"mimetype":"image/png"}
[2026-01-15T12:31:08.044Z] SUPABASE_RESULT {"ok":true,"error":null}
[2026-01-15T12:31:09.337Z] PUBLIC_URL https://ecgujuutpxebpjwdwhcy.supabase.co/storage/v1/object/public/images/1768480267132-chevre_miel.png
[2026-01-15T12:31:39.423Z] REQUEST {"originalname":"napolitaine.png","size":2013165,"mimetype":"image/png"}
[2026-01-15T12:31:40.302Z] SUPABASE_RESULT {"ok":true,"error":null}
[2026-01-15T12:31:40.305Z] PUBLIC_URL https://ecgujuutpxebpjwdwhcy.supabase.co/storage/v1/object/public/images/1768480299423-napolitaine.png
[2026-01-15T12:32:00.268Z] REQUEST {"originalname":"regina.png","size":2223467,"mimetype":"image/png"}
[2026-01-15T12:32:01.166Z] SUPABASE_RESULT {"ok":true,"error":null}
[2026-01-15T12:32:01.170Z] PUBLIC_URL https://ecgujuutpxebpjwdwhcy.supabase.co/storage/v1/object/public/images/1768480320269-regina.png
[2026-01-15T12:32:39.507Z] REQUEST {"originalname":"campione.png","size":1899500,"mimetype":"image/png"}
[2026-01-15T12:32:40.279Z] SUPABASE_RESULT {"ok":true,"error":null}
[2026-01-15T12:32:40.283Z] PUBLIC_URL https://ecgujuutpxebpjwdwhcy.supabase.co/storage/v1/object/public/images/1768480359507-campione.png
[2026-01-15T12:34:00.737Z] REQUEST {"originalname":"4frommages.png","size":2033499,"mimetype":"image/png"}
[2026-01-15T12:34:01.895Z] SUPABASE_RESULT {"ok":true,"error":null}
[2026-01-15T12:34:02.511Z] PUBLIC_URL https://ecgujuutpxebpjwdwhcy.supabase.co/storage/v1/object/public/images/1768480440738-4frommages.png
[2026-01-15T12:34:35.687Z] REQUEST {"originalname":"tartifielle.png","size":1798187,"mimetype":"image/png"}
[2026-01-15T12:34:36.450Z] SUPABASE_RESULT {"ok":true,"error":null}
[2026-01-15T12:34:36.453Z] PUBLIC_URL https://ecgujuutpxebpjwdwhcy.supabase.co/storage/v1/object/public/images/1768480475689-tartifielle.png
[2026-01-15T12:35:08.229Z] REQUEST {"originalname":"raclette.png","size":1942999,"mimetype":"image/png"}
[2026-01-15T12:35:09.290Z] SUPABASE_RESULT {"ok":true,"error":null}
[2026-01-15T12:35:09.292Z] PUBLIC_URL https://ecgujuutpxebpjwdwhcy.supabase.co/storage/v1/object/public/images/1768480508230-raclette.png
[2026-01-15T12:38:33.494Z] REQUEST {"originalname":"chicken.png","size":1806516,"mimetype":"image/png"}
[2026-01-15T12:38:34.591Z] SUPABASE_RESULT {"ok":true,"error":null}
[2026-01-15T12:38:34.594Z] PUBLIC_URL https://ecgujuutpxebpjwdwhcy.supabase.co/storage/v1/object/public/images/1768480713495-chicken.png
[2026-01-15T12:39:02.507Z] REQUEST {"originalname":"kebab.png","size":1899881,"mimetype":"image/png"}
[2026-01-15T12:39:03.486Z] SUPABASE_RESULT {"ok":true,"error":null}
[2026-01-15T12:39:03.489Z] PUBLIC_URL https://ecgujuutpxebpjwdwhcy.supabase.co/storage/v1/object/public/images/1768480742508-kebab.png
[2026-01-15T12:39:31.318Z] REQUEST {"originalname":"barbacue.png","size":1708274,"mimetype":"image/png"}
[2026-01-15T12:39:31.962Z] SUPABASE_RESULT {"ok":true,"error":null}
[2026-01-15T12:39:31.968Z] PUBLIC_URL https://ecgujuutpxebpjwdwhcy.supabase.co/storage/v1/object/public/images/1768480771319-barbacue.png
[2026-01-15T12:39:53.695Z] REQUEST {"originalname":"saumon.png","size":1861186,"mimetype":"image/png"}
[2026-01-15T12:39:54.507Z] SUPABASE_RESULT {"ok":true,"error":null}
[2026-01-15T12:39:54.509Z] PUBLIC_URL https://ecgujuutpxebpjwdwhcy.supabase.co/storage/v1/object/public/images/1768480793696-saumon.png
[2026-01-15T12:40:33.200Z] REQUEST {"originalname":"al tonno.png","size":1911905,"mimetype":"image/png"}
[2026-01-15T12:40:34.107Z] SUPABASE_RESULT {"ok":true,"error":null}
[2026-01-15T12:40:34.109Z] PUBLIC_URL https://ecgujuutpxebpjwdwhcy.supabase.co/storage/v1/object/public/images/1768480833201-al_tonno.png
[2026-01-15T12:40:58.915Z] REQUEST {"originalname":"mexico.png","size":1969621,"mimetype":"image/png"}
[2026-01-15T12:40:59.878Z] SUPABASE_RESULT {"ok":true,"error":null}
[2026-01-15T12:40:59.880Z] PUBLIC_URL https://ecgujuutpxebpjwdwhcy.supabase.co/storage/v1/object/public/images/1768480858916-mexico.png
[2026-01-15T12:41:24.938Z] REQUEST {"originalname":"vg.png","size":1775502,"mimetype":"image/png"}
[2026-01-15T12:41:25.597Z] SUPABASE_RESULT {"ok":true,"error":null}
[2026-01-15T12:41:25.598Z] PUBLIC_URL https://ecgujuutpxebpjwdwhcy.supabase.co/storage/v1/object/public/images/1768480884939-vg.png
[2026-01-15T12:41:55.772Z] REQUEST {"originalname":"orientale.png","size":2056159,"mimetype":"image/png"}
[2026-01-15T12:41:56.579Z] SUPABASE_RESULT {"ok":true,"error":null}
[2026-01-15T12:41:56.581Z] PUBLIC_URL https://ecgujuutpxebpjwdwhcy.supabase.co/storage/v1/object/public/images/1768480915772-orientale.png
[2026-01-15T12:42:22.332Z] REQUEST {"originalname":"tartuffo.png","size":1922850,"mimetype":"image/png"}
[2026-01-15T12:42:23.038Z] SUPABASE_RESULT {"ok":true,"error":null}
[2026-01-15T12:42:23.044Z] PUBLIC_URL https://ecgujuutpxebpjwdwhcy.supabase.co/storage/v1/object/public/images/1768480942333-tartuffo.png
[2026-01-15T12:43:01.639Z] REQUEST {"originalname":"cheff.png","size":1991753,"mimetype":"image/png"}
[2026-01-15T12:43:02.714Z] SUPABASE_RESULT {"ok":true,"error":null}
[2026-01-15T12:43:04.358Z] PUBLIC_URL https://ecgujuutpxebpjwdwhcy.supabase.co/storage/v1/object/public/images/1768480981640-cheff.png
[2026-01-15T12:43:29.699Z] REQUEST {"originalname":"pesto_Burrata.png","size":2013673,"mimetype":"image/png"}
[2026-01-15T12:43:30.536Z] SUPABASE_RESULT {"ok":true,"error":null}
[2026-01-15T12:43:30.541Z] PUBLIC_URL https://ecgujuutpxebpjwdwhcy.supabase.co/storage/v1/object/public/images/1768481009700-pesto_Burrata.png
[2026-01-15T12:55:45.884Z] REQUEST {"originalname":"bresaloa.png","size":1824312,"mimetype":"image/png"}
[2026-01-15T12:55:47.401Z] SUPABASE_RESULT {"ok":true,"error":null}
[2026-01-15T12:55:47.403Z] PUBLIC_URL https://ecgujuutpxebpjwdwhcy.supabase.co/storage/v1/object/public/images/1768481745885-bresaloa.png
[2026-01-15T13:00:37.590Z] REQUEST {"originalname":"4saisons.png","size":1934341,"mimetype":"image/png"}
[2026-01-15T13:00:38.621Z] SUPABASE_RESULT {"ok":true,"error":null}
[2026-01-15T13:00:38.623Z] PUBLIC_URL https://ecgujuutpxebpjwdwhcy.supabase.co/storage/v1/object/public/images/1768482037591-4saisons.png
[2026-01-15T13:13:05.912Z] REQUEST {"originalname":"salade_cesar.png","size":1685596,"mimetype":"image/png"}
[2026-01-15T13:13:06.659Z] SUPABASE_RESULT {"ok":true,"error":null}
[2026-01-15T13:13:06.662Z] PUBLIC_URL https://ecgujuutpxebpjwdwhcy.supabase.co/storage/v1/object/public/images/1768482785913-salade_cesar.png
[2026-01-15T13:17:27.597Z] REQUEST {"originalname":"salade_saumon.png","size":1637449,"mimetype":"image/png"}
[2026-01-15T13:17:28.687Z] SUPABASE_RESULT {"ok":true,"error":null}
[2026-01-15T13:17:28.689Z] PUBLIC_URL https://ecgujuutpxebpjwdwhcy.supabase.co/storage/v1/object/public/images/1768483047599-salade_saumon.png
[2026-01-15T13:21:26.716Z] REQUEST {"originalname":"salade_burrata.png","size":1658986,"mimetype":"image/png"}
[2026-01-15T13:21:27.599Z] SUPABASE_RESULT {"ok":true,"error":null}
[2026-01-15T13:21:27.601Z] PUBLIC_URL https://ecgujuutpxebpjwdwhcy.supabase.co/storage/v1/object/public/images/1768483286718-salade_burrata.png
[2026-01-15T13:24:17.404Z] REQUEST {"originalname":"salade_thon.png","size":1742146,"mimetype":"image/png"}
[2026-01-15T13:24:18.417Z] SUPABASE_RESULT {"ok":true,"error":null}
[2026-01-15T13:24:18.419Z] PUBLIC_URL https://ecgujuutpxebpjwdwhcy.supabase.co/storage/v1/object/public/images/1768483457405-salade_thon.png
[2026-01-15T13:27:00.048Z] REQUEST {"originalname":"salade_saumon.png","size":1738164,"mimetype":"image/png"}
[2026-01-15T13:27:01.675Z] SUPABASE_RESULT {"ok":true,"error":null}
[2026-01-15T13:27:02.948Z] PUBLIC_URL https://ecgujuutpxebpjwdwhcy.supabase.co/storage/v1/object/public/images/1768483620049-salade_saumon.png
[2026-01-15T13:27:03.511Z] REMOVE_ATTEMPT 1768483047599-salade_saumon.png attempt=1 OK
[2026-01-15T13:35:53.460Z] REQUEST {"originalname":"calzone.png","size":1931971,"mimetype":"image/png"}
[2026-01-15T13:35:54.697Z] SUPABASE_RESULT {"ok":true,"error":null}
[2026-01-15T13:35:54.699Z] PUBLIC_URL https://ecgujuutpxebpjwdwhcy.supabase.co/storage/v1/object/public/images/1768484153461-calzone.png
[2026-01-15T13:39:45.260Z] REQUEST {"originalname":"tacos_1v.png","size":1705796,"mimetype":"image/png"}
[2026-01-15T13:39:46.312Z] SUPABASE_RESULT {"ok":true,"error":null}
[2026-01-15T13:39:46.313Z] PUBLIC_URL https://ecgujuutpxebpjwdwhcy.supabase.co/storage/v1/object/public/images/1768484385261-tacos_1v.png
[2026-01-15T13:40:38.354Z] REQUEST {"originalname":"tacos_1v.png","size":1705796,"mimetype":"image/png"}
[2026-01-15T13:40:39.349Z] SUPABASE_RESULT {"ok":true,"error":null}
[2026-01-15T13:40:39.351Z] PUBLIC_URL https://ecgujuutpxebpjwdwhcy.supabase.co/storage/v1/object/public/images/1768484438355-tacos_1v.png
[2026-01-15T13:41:07.067Z] REQUEST {"originalname":"tacos_1v.png","size":1705796,"mimetype":"image/png"}
[2026-01-15T13:41:08.265Z] SUPABASE_RESULT {"ok":true,"error":null}
[2026-01-15T13:41:08.267Z] PUBLIC_URL https://ecgujuutpxebpjwdwhcy.supabase.co/storage/v1/object/public/images/1768484467068-tacos_1v.png
[2026-01-15T13:43:25.834Z] REQUEST {"originalname":"sand_kebab.png","size":1876976,"mimetype":"image/png"}
[2026-01-15T13:43:26.696Z] SUPABASE_RESULT {"ok":true,"error":null}
[2026-01-15T13:43:26.699Z] PUBLIC_URL https://ecgujuutpxebpjwdwhcy.supabase.co/storage/v1/object/public/images/1768484605835-sand_kebab.png
[2026-01-15T13:53:34.999Z] REQUEST {"originalname":"sand_poulet.png","size":1917479,"mimetype":"image/png"}
[2026-01-15T13:53:35.883Z] SUPABASE_RESULT {"ok":true,"error":null}
[2026-01-15T13:53:35.885Z] PUBLIC_URL https://ecgujuutpxebpjwdwhcy.supabase.co/storage/v1/object/public/images/1768485215000-sand_poulet.png
[2026-01-15T13:54:48.054Z] REQUEST {"originalname":"sand_cb.png","size":1945094,"mimetype":"image/png"}
[2026-01-15T13:54:48.673Z] SUPABASE_RESULT {"ok":true,"error":null}
[2026-01-15T13:54:48.676Z] PUBLIC_URL https://ecgujuutpxebpjwdwhcy.supabase.co/storage/v1/object/public/images/1768485288055-sand_cb.png
[2026-01-15T13:55:20.811Z] REQUEST {"originalname":"sand_merguez.png","size":1942318,"mimetype":"image/png"}
[2026-01-15T13:55:21.435Z] SUPABASE_RESULT {"ok":true,"error":null}
[2026-01-15T13:55:21.437Z] PUBLIC_URL https://ecgujuutpxebpjwdwhcy.supabase.co/storage/v1/object/public/images/1768485320811-sand_merguez.png
[2026-01-15T13:56:05.488Z] REQUEST {"originalname":"sand_steak.png","size":1968013,"mimetype":"image/png"}
[2026-01-15T13:56:06.282Z] SUPABASE_RESULT {"ok":true,"error":null}
[2026-01-15T13:56:06.285Z] PUBLIC_URL https://ecgujuutpxebpjwdwhcy.supabase.co/storage/v1/object/public/images/1768485365489-sand_steak.png
[2026-01-15T13:56:37.031Z] REQUEST {"originalname":"sand_falafel.png","size":2031552,"mimetype":"image/png"}
[2026-01-15T13:56:37.855Z] SUPABASE_RESULT {"ok":true,"error":null}
[2026-01-15T13:56:37.856Z] PUBLIC_URL https://ecgujuutpxebpjwdwhcy.supabase.co/storage/v1/object/public/images/1768485397033-sand_falafel.png
[2026-01-15T14:00:04.590Z] REQUEST {"originalname":"redbull.png","size":1474438,"mimetype":"image/png"}
[2026-01-15T14:00:07.040Z] SUPABASE_RESULT {"ok":true,"error":null}
[2026-01-15T14:00:07.622Z] PUBLIC_URL https://ecgujuutpxebpjwdwhcy.supabase.co/storage/v1/object/public/images/1768485604591-redbull.png
[2026-01-15T14:04:47.724Z] REQUEST {"originalname":"capri-sun.png","size":1581254,"mimetype":"image/png"}
[2026-01-15T14:04:48.936Z] SUPABASE_RESULT {"ok":true,"error":null}
[2026-01-15T14:04:48.938Z] PUBLIC_URL https://ecgujuutpxebpjwdwhcy.supabase.co/storage/v1/object/public/images/1768485887725-capri-sun.png
[2026-01-15T14:07:09.406Z] REQUEST {"originalname":"cola.png","size":1610263,"mimetype":"image/png"}
[2026-01-15T14:07:10.425Z] SUPABASE_RESULT {"ok":true,"error":null}
[2026-01-15T14:07:10.427Z] PUBLIC_URL https://ecgujuutpxebpjwdwhcy.supabase.co/storage/v1/object/public/images/1768486029407-cola.png
[2026-01-15T14:09:08.822Z] REQUEST {"originalname":"cola_verre.png","size":1590938,"mimetype":"image/png"}
[2026-01-15T14:09:09.749Z] SUPABASE_RESULT {"ok":true,"error":null}
[2026-01-15T14:09:10.896Z] PUBLIC_URL https://ecgujuutpxebpjwdwhcy.supabase.co/storage/v1/object/public/images/1768486148823-cola_verre.png
[2026-01-15T14:18:15.480Z] REQUEST {"originalname":"Granini.png","size":1461936,"mimetype":"image/png"}
[2026-01-15T14:18:16.383Z] SUPABASE_RESULT {"ok":true,"error":null}
[2026-01-15T14:18:16.384Z] PUBLIC_URL https://ecgujuutpxebpjwdwhcy.supabase.co/storage/v1/object/public/images/1768486695480-Granini.png
[2026-01-15T14:25:01.788Z] REQUEST {"originalname":"freez.png","size":1005441,"mimetype":"image/png"}
[2026-01-15T14:25:02.515Z] SUPABASE_RESULT {"ok":true,"error":null}
[2026-01-15T14:25:02.516Z] PUBLIC_URL https://ecgujuutpxebpjwdwhcy.supabase.co/storage/v1/object/public/images/1768487101788-freez.png
[2026-01-15T14:28:01.826Z] REQUEST {"originalname":"sanpelligrano.png","size":1679162,"mimetype":"image/png"}
[2026-01-15T14:28:03.535Z] SUPABASE_RESULT {"ok":true,"error":null}
[2026-01-15T14:28:03.537Z] PUBLIC_URL https://ecgujuutpxebpjwdwhcy.supabase.co/storage/v1/object/public/images/1768487281826-sanpelligrano.png
[2026-01-15T14:31:46.805Z] REQUEST {"originalname":"coal_15.png","size":1565226,"mimetype":"image/png"}
[2026-01-15T14:31:47.762Z] SUPABASE_RESULT {"ok":true,"error":null}
[2026-01-15T14:31:49.423Z] PUBLIC_URL https://ecgujuutpxebpjwdwhcy.supabase.co/storage/v1/object/public/images/1768487506805-coal_15.png
[2026-01-15T14:33:21.922Z] REQUEST {"originalname":"oasis.png","size":1492214,"mimetype":"image/png"}
[2026-01-15T14:33:22.532Z] SUPABASE_RESULT {"ok":true,"error":null}
[2026-01-15T14:33:22.534Z] PUBLIC_URL https://ecgujuutpxebpjwdwhcy.supabase.co/storage/v1/object/public/images/1768487601922-oasis.png
[2026-01-15T14:41:31.026Z] REQUEST {"originalname":"tenders.png","size":1290167,"mimetype":"image/png"}
[2026-01-15T14:41:31.690Z] SUPABASE_RESULT {"ok":true,"error":null}
[2026-01-15T14:41:31.692Z] PUBLIC_URL https://ecgujuutpxebpjwdwhcy.supabase.co/storage/v1/object/public/images/1768488091027-tenders.png
[2026-01-15T14:44:27.626Z] REQUEST {"originalname":"poulet.png","size":1237637,"mimetype":"image/png"}
[2026-01-15T14:44:28.220Z] SUPABASE_RESULT {"ok":true,"error":null}
[2026-01-15T14:44:29.429Z] PUBLIC_URL https://ecgujuutpxebpjwdwhcy.supabase.co/storage/v1/object/public/images/1768488267627-poulet.png
[2026-01-15T14:45:56.315Z] REQUEST {"originalname":"nuggets.png","size":1292286,"mimetype":"image/png"}
[2026-01-15T14:45:56.910Z] SUPABASE_RESULT {"ok":true,"error":null}
[2026-01-15T14:45:56.911Z] PUBLIC_URL https://ecgujuutpxebpjwdwhcy.supabase.co/storage/v1/object/public/images/1768488356315-nuggets.png
[2026-01-15T14:47:45.717Z] REQUEST {"originalname":"cb.png","size":1200661,"mimetype":"image/png"}
[2026-01-15T14:47:46.678Z] SUPABASE_RESULT {"ok":true,"error":null}
[2026-01-15T14:47:48.006Z] PUBLIC_URL https://ecgujuutpxebpjwdwhcy.supabase.co/storage/v1/object/public/images/1768488465717-cb.png
[2026-01-15T14:49:19.427Z] REQUEST {"originalname":"steak.png","size":1311581,"mimetype":"image/png"}
[2026-01-15T14:49:19.939Z] SUPABASE_RESULT {"ok":true,"error":null}
[2026-01-15T14:49:21.625Z] PUBLIC_URL https://ecgujuutpxebpjwdwhcy.supabase.co/storage/v1/object/public/images/1768488559427-steak.png
[2026-01-15T14:51:00.336Z] REQUEST {"originalname":"steak.png","size":1311581,"mimetype":"image/png"}
[2026-01-15T14:51:00.980Z] SUPABASE_RESULT {"ok":true,"error":null}
[2026-01-15T14:51:00.981Z] PUBLIC_URL https://ecgujuutpxebpjwdwhcy.supabase.co/storage/v1/object/public/images/1768488660337-steak.png
[2026-01-15T14:51:32.137Z] REQUEST {"originalname":"falafel.png","size":1389588,"mimetype":"image/png"}
[2026-01-15T14:51:32.879Z] SUPABASE_RESULT {"ok":true,"error":null}
[2026-01-15T14:51:32.881Z] PUBLIC_URL https://ecgujuutpxebpjwdwhcy.supabase.co/storage/v1/object/public/images/1768488692137-falafel.png
[2026-01-15T15:01:52.393Z] REQUEST {"originalname":"oeuf.png","size":1213434,"mimetype":"image/png"}
[2026-01-15T15:01:53.368Z] SUPABASE_RESULT {"ok":true,"error":null}
[2026-01-15T15:01:53.369Z] PUBLIC_URL https://ecgujuutpxebpjwdwhcy.supabase.co/storage/v1/object/public/images/1768489312394-oeuf.png
[2026-01-15T15:02:47.131Z] REQUEST {"originalname":"frommages.png","size":1342377,"mimetype":"image/png"}
[2026-01-15T15:02:47.895Z] SUPABASE_RESULT {"ok":true,"error":null}
[2026-01-15T15:02:48.166Z] PUBLIC_URL https://ecgujuutpxebpjwdwhcy.supabase.co/storage/v1/object/public/images/1768489367131-frommages.png
[2026-01-16T13:29:29.826Z] REQUEST {"originalname":"1767509311844-NewLogo.png","size":942945,"mimetype":"image/png"}
[2026-01-16T13:29:30.594Z] SUPABASE_RESULT {"ok":true,"error":null}
[2026-01-16T13:29:30.597Z] PUBLIC_URL https://ecgujuutpxebpjwdwhcy.supabase.co/storage/v1/object/public/images/1768570169827-1767509311844-NewLogo.png
[2026-01-16T13:29:30.857Z] REMOVED_OLD_LOGO 1768479841175-1767504413558-NewLogo.png
